Windows PowerShell
Copyright (C) Microsoft Corporation. All rights reserved.

Install the latest PowerShell for new features and improvements! https://aka.ms/PSWindows

PS C:\Development\MongoDB\Module 10> mongosh .\credit-rating.js
Current Mongosh Log ID: 67934896bae1f9eeb80dbbc2
Connecting to:          mongodb://127.0.0.1:27017/?directConnection=true&serverSelectionTimeoutMS=2000&appName=mongosh+2.1.1
Using MongoDB:          7.0.4
Using Mongosh:          2.1.1
mongosh 2.3.8 is available for download: https://www.mongodb.com/try/download/shell

For mongosh info see: https://docs.mongodb.com/mongodb-shell/

------
   The server generated these startup warnings when booting
   2025-01-21T12:38:39.330+05:30: Access control is not enabled for the database. Read and write access to data and configuration is unrestricted
------

Loading file: .\credit-rating.js
Stopping execution...MongoshInterruptedError: execution was interrupted
PS C:\Development\MongoDB\Module 10> mongosh -f .\credit-rating.js
Current Mongosh Log ID: 679349511bbf020ca1ab6ab4
Connecting to:          mongodb://127.0.0.1:27017/?directConnection=true&serverSelectionTimeoutMS=2000&appName=mongosh+2.1.1
Using MongoDB:          7.0.4
Using Mongosh:          2.1.1
mongosh 2.3.8 is available for download: https://www.mongodb.com/try/download/shell

For mongosh info see: https://docs.mongodb.com/mongodb-shell/

------
   The server generated these startup warnings when booting
   2025-01-21T12:38:39.330+05:30: Access control is not enabled for the database. Read and write access to data and configuration is unrestricted
------

Loading file: .\credit-rating.js
Stopping execution...MongoshInterruptedError: execution was interrupted
PS C:\Development\MongoDB\Module 10> mongosh -f .\credit-rating.js
Current Mongosh Log ID: 679349bf3003b028d5787703
Connecting to:          mongodb://127.0.0.1:27017/?directConnection=true&serverSelectionTimeoutMS=2000&appName=mongosh+2.1.1
Using MongoDB:          7.0.4
Using Mongosh:          2.1.1
mongosh 2.3.8 is available for download: https://www.mongodb.com/try/download/shell

For mongosh info see: https://docs.mongodb.com/mongodb-shell/

------
   The server generated these startup warnings when booting
   2025-01-21T12:38:39.330+05:30: Access control is not enabled for the database. Read and write access to data and configuration is unrestricted
------

Loading file: .\credit-rating.js
PS C:\Development\MongoDB\Module 10> mongosh -f .\credit-rating.js
Current Mongosh Log ID: 679349dd8e663aa30db73cae
Connecting to:          mongodb://127.0.0.1:27017/?directConnection=true&serverSelectionTimeoutMS=2000&appName=mongosh+2.1.1
Using MongoDB:          7.0.4
Using Mongosh:          2.1.1
mongosh 2.3.8 is available for download: https://www.mongodb.com/try/download/shell

For mongosh info see: https://docs.mongodb.com/mongodb-shell/

------
   The server generated these startup warnings when booting
   2025-01-21T12:38:39.330+05:30: Access control is not enabled for the database. Read and write access to data and configuration is unrestricted
------

Loading file: .\credit-rating.js
Stopping execution...MongoshInterruptedError: execution was interrupted
PS C:\Development\MongoDB\Module 10> mongosh -f .\credit-rating.js
Current Mongosh Log ID: 679349fd0f088d6bbeefa84d
Connecting to:          mongodb://127.0.0.1:27017/?directConnection=true&serverSelectionTimeoutMS=2000&appName=mongosh+2.1.1
Using MongoDB:          7.0.4
Using Mongosh:          2.1.1
mongosh 2.3.8 is available for download: https://www.mongodb.com/try/download/shell

For mongosh info see: https://docs.mongodb.com/mongodb-shell/

------
   The server generated these startup warnings when booting
   2025-01-21T12:38:39.330+05:30: Access control is not enabled for the database. Read and write access to data and configuration is unrestricted
------

Loading file: .\credit-rating.js
PS C:\Development\MongoDB\Module 10>